14:55:54.561 [main] INFO  c.xxs.TliasWebManagementApplication - Starting TliasWebManagementApplication using Java 17.0.12 with PID 370296 (C:\arsenal\study\java\Tlias\Tlias-web-management\target\classes started by xiaoxiaosui in C:\arsenal\study\java\Tlias)
14:55:54.563 [main] INFO  c.xxs.TliasWebManagementApplication - No active profile set, falling back to 1 default profile: "default"
14:55:55.496 [main] INFO  o.s.d.r.c.RepositoryConfigurationDelegate - Multiple Spring Data modules found, entering strict repository configuration mode
14:55:55.501 [main] INFO  o.s.d.r.c.RepositoryConfigurationDelegate - Bootstrapping Spring Data Redis repositories in DEFAULT mode.
14:55:55.538 [main] INFO  o.s.d.r.c.RepositoryConfigurationDelegate - Finished Spring Data repository scanning in 12 ms. Found 0 Redis repository interfaces.
14:55:56.381 [main] INFO  o.s.b.w.e.tomcat.TomcatWebServer - Tomcat initialized with port 8080 (http)
14:55:56.400 [main] INFO  o.a.coyote.http11.Http11NioProtocol - Initializing ProtocolHandler ["http-nio-8080"]
14:55:56.402 [main] INFO  o.a.catalina.core.StandardService - Starting service [Tomcat]
14:55:56.402 [main] INFO  o.a.catalina.core.StandardEngine - Starting Servlet engine: [Apache Tomcat/10.1.46]
14:55:56.473 [main] INFO  o.a.c.c.C.[Tomcat].[localhost].[/] - Initializing Spring embedded WebApplicationContext
14:55:56.474 [main] INFO  o.s.b.w.s.c.ServletWebServerApplicationContext - Root WebApplicationContext: initialization completed in 1853 ms
14:55:57.890 [main] INFO  o.a.coyote.http11.Http11NioProtocol - Starting ProtocolHandler ["http-nio-8080"]
14:55:57.911 [main] INFO  o.s.b.w.e.tomcat.TomcatWebServer - Tomcat started on port 8080 (http) with context path '/'
14:55:57.925 [main] INFO  c.xxs.TliasWebManagementApplication - Started TliasWebManagementApplication in 3.95 seconds (process running for 5.136)
14:58:26.477 [http-nio-8080-exec-2] INFO  o.a.c.c.C.[Tomcat].[localhost].[/] - Initializing Spring DispatcherServlet 'dispatcherServlet'
14:58:26.478 [http-nio-8080-exec-2] INFO  o.s.web.servlet.DispatcherServlet - Initializing Servlet 'dispatcherServlet'
14:58:26.480 [http-nio-8080-exec-2] INFO  o.s.web.servlet.DispatcherServlet - Completed initialization in 1 ms
14:58:26.533 [http-nio-8080-exec-2] INFO  com.xxs.controller.EmpController - 根据id查询员工信息：49
14:58:26.571 [http-nio-8080-exec-2] INFO  com.zaxxer.hikari.HikariDataSource - HikariPool-1 - Starting...
14:58:27.162 [http-nio-8080-exec-2] INFO  com.zaxxer.hikari.pool.HikariPool - HikariPool-1 - Added connection com.mysql.cj.jdbc.ConnectionImpl@5426eb15
14:58:27.165 [http-nio-8080-exec-2] INFO  com.zaxxer.hikari.HikariDataSource - HikariPool-1 - Start completed.
14:58:52.668 [http-nio-8080-exec-3] INFO  com.xxs.controller.EmpController - 根据id查询员工信息：46
14:59:09.535 [http-nio-8080-exec-4] INFO  com.xxs.controller.EmpController - 根据id查询员工信息：1
15:04:30.347 [SpringApplicationShutdownHook] INFO  o.s.b.w.e.tomcat.GracefulShutdown - Commencing graceful shutdown. Waiting for active requests to complete
15:04:30.504 [tomcat-shutdown] INFO  o.s.b.w.e.tomcat.GracefulShutdown - Graceful shutdown complete
15:04:30.534 [SpringApplicationShutdownHook] INFO  com.zaxxer.hikari.HikariDataSource - HikariPool-1 - Shutdown initiated...
15:04:30.541 [SpringApplicationShutdownHook] INFO  com.zaxxer.hikari.HikariDataSource - HikariPool-1 - Shutdown completed.
16:49:11.585 [main] INFO  c.xxs.TliasWebManagementApplication - Starting TliasWebManagementApplication using Java 17.0.12 with PID 351004 (C:\arsenal\study\java\Tlias\Tlias-web-management\target\classes started by xiaoxiaosui in C:\arsenal\study\java\Tlias)
16:49:11.587 [main] INFO  c.xxs.TliasWebManagementApplication - No active profile set, falling back to 1 default profile: "default"
16:49:12.372 [main] INFO  o.s.d.r.c.RepositoryConfigurationDelegate - Multiple Spring Data modules found, entering strict repository configuration mode
16:49:12.375 [main] INFO  o.s.d.r.c.RepositoryConfigurationDelegate - Bootstrapping Spring Data Redis repositories in DEFAULT mode.
16:49:12.404 [main] INFO  o.s.d.r.c.RepositoryConfigurationDelegate - Finished Spring Data repository scanning in 10 ms. Found 0 Redis repository interfaces.
16:49:13.081 [main] INFO  o.s.b.w.e.tomcat.TomcatWebServer - Tomcat initialized with port 8080 (http)
16:49:13.097 [main] INFO  o.a.coyote.http11.Http11NioProtocol - Initializing ProtocolHandler ["http-nio-8080"]
16:49:13.099 [main] INFO  o.a.catalina.core.StandardService - Starting service [Tomcat]
16:49:13.100 [main] INFO  o.a.catalina.core.StandardEngine - Starting Servlet engine: [Apache Tomcat/10.1.46]
16:49:13.162 [main] INFO  o.a.c.c.C.[Tomcat].[localhost].[/] - Initializing Spring embedded WebApplicationContext
16:49:13.163 [main] INFO  o.s.b.w.s.c.ServletWebServerApplicationContext - Root WebApplicationContext: initialization completed in 1529 ms
16:49:14.378 [main] INFO  o.a.coyote.http11.Http11NioProtocol - Starting ProtocolHandler ["http-nio-8080"]
16:49:14.400 [main] INFO  o.s.b.w.e.tomcat.TomcatWebServer - Tomcat started on port 8080 (http) with context path '/'
16:49:14.412 [main] INFO  c.xxs.TliasWebManagementApplication - Started TliasWebManagementApplication in 3.346 seconds (process running for 4.323)
16:49:20.423 [http-nio-8080-exec-1] INFO  o.a.c.c.C.[Tomcat].[localhost].[/] - Initializing Spring DispatcherServlet 'dispatcherServlet'
16:49:20.424 [http-nio-8080-exec-1] INFO  o.s.web.servlet.DispatcherServlet - Initializing Servlet 'dispatcherServlet'
16:49:20.425 [http-nio-8080-exec-1] INFO  o.s.web.servlet.DispatcherServlet - Completed initialization in 1 ms
16:49:20.478 [http-nio-8080-exec-1] INFO  com.xxs.controller.EmpController - 根据id查询员工信息：1
16:49:20.515 [http-nio-8080-exec-1] INFO  com.zaxxer.hikari.HikariDataSource - HikariPool-1 - Starting...
16:49:20.935 [http-nio-8080-exec-1] INFO  com.zaxxer.hikari.pool.HikariPool - HikariPool-1 - Added connection com.mysql.cj.jdbc.ConnectionImpl@174871a3
16:49:20.938 [http-nio-8080-exec-1] INFO  com.zaxxer.hikari.HikariDataSource - HikariPool-1 - Start completed.
17:52:26.850 [SpringApplicationShutdownHook] INFO  o.s.b.w.e.tomcat.GracefulShutdown - Commencing graceful shutdown. Waiting for active requests to complete
17:52:27.009 [tomcat-shutdown] INFO  o.s.b.w.e.tomcat.GracefulShutdown - Graceful shutdown complete
17:52:27.046 [SpringApplicationShutdownHook] INFO  com.zaxxer.hikari.HikariDataSource - HikariPool-1 - Shutdown initiated...
17:52:27.051 [SpringApplicationShutdownHook] INFO  com.zaxxer.hikari.HikariDataSource - HikariPool-1 - Shutdown completed.
17:52:38.029 [main] INFO  c.xxs.TliasWebManagementApplication - Starting TliasWebManagementApplication using Java 17.0.12 with PID 383656 (C:\arsenal\study\java\Tlias\Tlias-web-management\target\classes started by xiaoxiaosui in C:\arsenal\study\java\Tlias)
17:52:38.032 [main] INFO  c.xxs.TliasWebManagementApplication - No active profile set, falling back to 1 default profile: "default"
17:52:38.815 [main] INFO  o.s.d.r.c.RepositoryConfigurationDelegate - Multiple Spring Data modules found, entering strict repository configuration mode
17:52:38.818 [main] INFO  o.s.d.r.c.RepositoryConfigurationDelegate - Bootstrapping Spring Data Redis repositories in DEFAULT mode.
17:52:38.848 [main] INFO  o.s.d.r.c.RepositoryConfigurationDelegate - Finished Spring Data repository scanning in 11 ms. Found 0 Redis repository interfaces.
17:52:39.527 [main] INFO  o.s.b.w.e.tomcat.TomcatWebServer - Tomcat initialized with port 8080 (http)
17:52:39.542 [main] INFO  o.a.coyote.http11.Http11NioProtocol - Initializing ProtocolHandler ["http-nio-8080"]
17:52:39.544 [main] INFO  o.a.catalina.core.StandardService - Starting service [Tomcat]
17:52:39.545 [main] INFO  o.a.catalina.core.StandardEngine - Starting Servlet engine: [Apache Tomcat/10.1.46]
17:52:39.606 [main] INFO  o.a.c.c.C.[Tomcat].[localhost].[/] - Initializing Spring embedded WebApplicationContext
17:52:39.607 [main] INFO  o.s.b.w.s.c.ServletWebServerApplicationContext - Root WebApplicationContext: initialization completed in 1523 ms
17:52:40.815 [main] INFO  o.a.coyote.http11.Http11NioProtocol - Starting ProtocolHandler ["http-nio-8080"]
17:52:40.837 [main] INFO  o.s.b.w.e.tomcat.TomcatWebServer - Tomcat started on port 8080 (http) with context path '/'
17:52:40.850 [main] INFO  c.xxs.TliasWebManagementApplication - Started TliasWebManagementApplication in 3.374 seconds (process running for 4.36)
17:53:04.523 [http-nio-8080-exec-2] INFO  o.a.c.c.C.[Tomcat].[localhost].[/] - Initializing Spring DispatcherServlet 'dispatcherServlet'
17:53:04.524 [http-nio-8080-exec-2] INFO  o.s.web.servlet.DispatcherServlet - Initializing Servlet 'dispatcherServlet'
17:53:04.526 [http-nio-8080-exec-2] INFO  o.s.web.servlet.DispatcherServlet - Completed initialization in 2 ms
17:53:04.680 [http-nio-8080-exec-2] WARN  o.s.w.s.m.s.DefaultHandlerExceptionResolver - Resolved [org.springframework.http.converter.HttpMessageNotReadableException: JSON parse error: Unexpected end-of-input: expected close marker for Array (start marker at [Source: REDACTED (`StreamReadFeature.INCLUDE_SOURCE_IN_LOCATION` disabled); line: 16, column: 21])]
17:54:28.174 [http-nio-8080-exec-4] INFO  com.xxs.controller.EmpController - 修改员工
17:54:28.183 [http-nio-8080-exec-4] DEBUG o.s.j.support.JdbcTransactionManager - Creating new transaction with name [com.xxs.service.impl.EmpServiceImpl.update]: PROPAGATION_REQUIRED,ISOLATION_DEFAULT,-java.lang.Exception
17:54:28.186 [http-nio-8080-exec-4] INFO  com.zaxxer.hikari.HikariDataSource - HikariPool-1 - Starting...
17:54:28.590 [http-nio-8080-exec-4] INFO  com.zaxxer.hikari.pool.HikariPool - HikariPool-1 - Added connection com.mysql.cj.jdbc.ConnectionImpl@6ebdf73e
17:54:28.592 [http-nio-8080-exec-4] INFO  com.zaxxer.hikari.HikariDataSource - HikariPool-1 - Start completed.
17:54:28.597 [http-nio-8080-exec-4] DEBUG o.s.j.support.JdbcTransactionManager - Acquired Connection [HikariProxyConnection@746944823 wrapping com.mysql.cj.jdbc.ConnectionImpl@6ebdf73e] for JDBC transaction
17:54:28.602 [http-nio-8080-exec-4] DEBUG o.s.j.support.JdbcTransactionManager - Switching JDBC Connection [HikariProxyConnection@746944823 wrapping com.mysql.cj.jdbc.ConnectionImpl@6ebdf73e] to manual commit
17:54:28.722 [http-nio-8080-exec-4] DEBUG o.s.j.support.JdbcTransactionManager - Initiating transaction commit
17:54:28.723 [http-nio-8080-exec-4] DEBUG o.s.j.support.JdbcTransactionManager - Committing JDBC transaction on Connection [HikariProxyConnection@746944823 wrapping com.mysql.cj.jdbc.ConnectionImpl@6ebdf73e]
17:54:28.732 [http-nio-8080-exec-4] DEBUG o.s.j.support.JdbcTransactionManager - Releasing JDBC Connection [HikariProxyConnection@746944823 wrapping com.mysql.cj.jdbc.ConnectionImpl@6ebdf73e] after transaction
17:55:14.449 [http-nio-8080-exec-6] INFO  com.xxs.controller.DeptController - 查询全部的部门数据
17:55:14.466 [http-nio-8080-exec-5] INFO  com.xxs.controller.EmpController - 分页查询：EmpQueryParam(page=1, pageSize=10, name=, gender=null, begin=null, end=null)
17:55:19.906 [http-nio-8080-exec-7] INFO  com.xxs.controller.EmpController - 分页查询：EmpQueryParam(page=2, pageSize=10, name=, gender=null, begin=null, end=null)
17:55:21.592 [http-nio-8080-exec-8] INFO  com.xxs.controller.EmpController - 分页查询：EmpQueryParam(page=3, pageSize=10, name=, gender=null, begin=null, end=null)
17:55:24.028 [http-nio-8080-exec-9] INFO  com.xxs.controller.EmpController - 分页查询：EmpQueryParam(page=4, pageSize=10, name=, gender=null, begin=null, end=null)
17:55:28.483 [http-nio-8080-exec-10] INFO  com.xxs.controller.EmpController - 分页查询：EmpQueryParam(page=1, pageSize=10, name=, gender=null, begin=null, end=null)
17:55:41.316 [http-nio-8080-exec-2] INFO  com.xxs.controller.EmpController - 分页查询：EmpQueryParam(page=1, pageSize=40, name=, gender=null, begin=null, end=null)
17:55:44.203 [http-nio-8080-exec-3] INFO  com.xxs.controller.EmpController - 根据id查询员工信息：1
17:57:12.767 [SpringApplicationShutdownHook] INFO  o.s.b.w.e.tomcat.GracefulShutdown - Commencing graceful shutdown. Waiting for active requests to complete
17:57:12.923 [tomcat-shutdown] INFO  o.s.b.w.e.tomcat.GracefulShutdown - Graceful shutdown complete
17:57:12.945 [SpringApplicationShutdownHook] INFO  com.zaxxer.hikari.HikariDataSource - HikariPool-1 - Shutdown initiated...
17:57:12.952 [SpringApplicationShutdownHook] INFO  com.zaxxer.hikari.HikariDataSource - HikariPool-1 - Shutdown completed.
17:57:15.754 [main] INFO  c.xxs.TliasWebManagementApplication - Starting TliasWebManagementApplication using Java 17.0.12 with PID 316792 (C:\arsenal\study\java\Tlias\Tlias-web-management\target\classes started by xiaoxiaosui in C:\arsenal\study\java\Tlias)
17:57:15.756 [main] INFO  c.xxs.TliasWebManagementApplication - No active profile set, falling back to 1 default profile: "default"
17:57:16.530 [main] INFO  o.s.d.r.c.RepositoryConfigurationDelegate - Multiple Spring Data modules found, entering strict repository configuration mode
17:57:16.534 [main] INFO  o.s.d.r.c.RepositoryConfigurationDelegate - Bootstrapping Spring Data Redis repositories in DEFAULT mode.
17:57:16.562 [main] INFO  o.s.d.r.c.RepositoryConfigurationDelegate - Finished Spring Data repository scanning in 9 ms. Found 0 Redis repository interfaces.
17:57:17.242 [main] INFO  o.s.b.w.e.tomcat.TomcatWebServer - Tomcat initialized with port 8080 (http)
17:57:17.258 [main] INFO  o.a.coyote.http11.Http11NioProtocol - Initializing ProtocolHandler ["http-nio-8080"]
17:57:17.261 [main] INFO  o.a.catalina.core.StandardService - Starting service [Tomcat]
17:57:17.261 [main] INFO  o.a.catalina.core.StandardEngine - Starting Servlet engine: [Apache Tomcat/10.1.46]
17:57:17.322 [main] INFO  o.a.c.c.C.[Tomcat].[localhost].[/] - Initializing Spring embedded WebApplicationContext
17:57:17.322 [main] INFO  o.s.b.w.s.c.ServletWebServerApplicationContext - Root WebApplicationContext: initialization completed in 1520 ms
17:57:18.546 [main] INFO  o.a.coyote.http11.Http11NioProtocol - Starting ProtocolHandler ["http-nio-8080"]
17:57:18.568 [main] INFO  o.s.b.w.e.tomcat.TomcatWebServer - Tomcat started on port 8080 (http) with context path '/'
17:57:18.581 [main] INFO  c.xxs.TliasWebManagementApplication - Started TliasWebManagementApplication in 3.326 seconds (process running for 4.254)
17:57:24.391 [http-nio-8080-exec-1] INFO  o.a.c.c.C.[Tomcat].[localhost].[/] - Initializing Spring DispatcherServlet 'dispatcherServlet'
17:57:24.391 [http-nio-8080-exec-1] INFO  o.s.web.servlet.DispatcherServlet - Initializing Servlet 'dispatcherServlet'
17:57:24.393 [http-nio-8080-exec-1] INFO  o.s.web.servlet.DispatcherServlet - Completed initialization in 0 ms
17:57:24.439 [http-nio-8080-exec-1] INFO  com.xxs.controller.DeptController - 查询全部的部门数据
17:57:24.472 [http-nio-8080-exec-1] INFO  com.zaxxer.hikari.HikariDataSource - HikariPool-1 - Starting...
17:57:24.471 [http-nio-8080-exec-2] INFO  com.xxs.controller.EmpController - 分页查询：EmpQueryParam(page=1, pageSize=10, name=, gender=null, begin=null, end=null)
17:57:24.941 [http-nio-8080-exec-1] INFO  com.zaxxer.hikari.pool.HikariPool - HikariPool-1 - Added connection com.mysql.cj.jdbc.ConnectionImpl@6c063169
17:57:24.944 [http-nio-8080-exec-1] INFO  com.zaxxer.hikari.HikariDataSource - HikariPool-1 - Start completed.
17:57:28.623 [http-nio-8080-exec-3] INFO  com.xxs.controller.EmpController - 根据id查询员工信息：1
17:57:35.461 [http-nio-8080-exec-4] INFO  com.xxs.controller.UploadController - 文件上传：1.jpg
17:57:36.468 [http-nio-8080-exec-4] INFO  com.xxs.controller.UploadController - 文件上传OSS，url：https://xiaoxiaosui.oss-cn-beijing.aliyuncs.com/2025/12/43aea2f8-e982-4cac-95b3-94df1f4cab26.jpg
17:57:45.783 [http-nio-8080-exec-5] INFO  com.xxs.controller.UploadController - 文件上传：1.jpg
17:57:46.258 [http-nio-8080-exec-5] INFO  com.xxs.controller.UploadController - 文件上传OSS，url：https://xiaoxiaosui.oss-cn-beijing.aliyuncs.com/2025/12/e1b7e2be-d89f-4cc6-a1df-fa4e3222efd8.jpg
17:58:11.832 [http-nio-8080-exec-6] INFO  com.xxs.controller.EmpController - 修改员工
17:58:11.836 [http-nio-8080-exec-6] DEBUG o.s.j.support.JdbcTransactionManager - Creating new transaction with name [com.xxs.service.impl.EmpServiceImpl.update]: PROPAGATION_REQUIRED,ISOLATION_DEFAULT,-java.lang.Exception
17:58:11.839 [http-nio-8080-exec-6] DEBUG o.s.j.support.JdbcTransactionManager - Acquired Connection [HikariProxyConnection@511204924 wrapping com.mysql.cj.jdbc.ConnectionImpl@6c063169] for JDBC transaction
17:58:11.841 [http-nio-8080-exec-6] DEBUG o.s.j.support.JdbcTransactionManager - Switching JDBC Connection [HikariProxyConnection@511204924 wrapping com.mysql.cj.jdbc.ConnectionImpl@6c063169] to manual commit
17:58:11.863 [http-nio-8080-exec-6] DEBUG o.s.j.support.JdbcTransactionManager - Initiating transaction commit
17:58:11.863 [http-nio-8080-exec-6] DEBUG o.s.j.support.JdbcTransactionManager - Committing JDBC transaction on Connection [HikariProxyConnection@511204924 wrapping com.mysql.cj.jdbc.ConnectionImpl@6c063169]
17:58:11.871 [http-nio-8080-exec-6] DEBUG o.s.j.support.JdbcTransactionManager - Releasing JDBC Connection [HikariProxyConnection@511204924 wrapping com.mysql.cj.jdbc.ConnectionImpl@6c063169] after transaction
17:58:11.890 [http-nio-8080-exec-7] INFO  com.xxs.controller.EmpController - 分页查询：EmpQueryParam(page=1, pageSize=10, name=, gender=null, begin=null, end=null)
17:58:14.141 [http-nio-8080-exec-8] INFO  com.xxs.controller.EmpController - 根据id查询员工信息：1
17:58:19.313 [http-nio-8080-exec-9] INFO  com.xxs.controller.EmpController - 修改员工
17:58:19.314 [http-nio-8080-exec-9] DEBUG o.s.j.support.JdbcTransactionManager - Creating new transaction with name [com.xxs.service.impl.EmpServiceImpl.update]: PROPAGATION_REQUIRED,ISOLATION_DEFAULT,-java.lang.Exception
17:58:19.314 [http-nio-8080-exec-9] DEBUG o.s.j.support.JdbcTransactionManager - Acquired Connection [HikariProxyConnection@2122445491 wrapping com.mysql.cj.jdbc.ConnectionImpl@6c063169] for JDBC transaction
17:58:19.315 [http-nio-8080-exec-9] DEBUG o.s.j.support.JdbcTransactionManager - Switching JDBC Connection [HikariProxyConnection@2122445491 wrapping com.mysql.cj.jdbc.ConnectionImpl@6c063169] to manual commit
17:58:19.323 [http-nio-8080-exec-9] DEBUG o.s.j.support.JdbcTransactionManager - Initiating transaction commit
17:58:19.324 [http-nio-8080-exec-9] DEBUG o.s.j.support.JdbcTransactionManager - Committing JDBC transaction on Connection [HikariProxyConnection@2122445491 wrapping com.mysql.cj.jdbc.ConnectionImpl@6c063169]
17:58:19.330 [http-nio-8080-exec-9] DEBUG o.s.j.support.JdbcTransactionManager - Releasing JDBC Connection [HikariProxyConnection@2122445491 wrapping com.mysql.cj.jdbc.ConnectionImpl@6c063169] after transaction
17:58:19.349 [http-nio-8080-exec-10] INFO  com.xxs.controller.EmpController - 分页查询：EmpQueryParam(page=1, pageSize=10, name=, gender=null, begin=null, end=null)
23:52:54.493 [SpringApplicationShutdownHook] INFO  o.s.b.w.e.tomcat.GracefulShutdown - Commencing graceful shutdown. Waiting for active requests to complete
23:52:54.657 [tomcat-shutdown] INFO  o.s.b.w.e.tomcat.GracefulShutdown - Graceful shutdown complete
23:52:54.716 [SpringApplicationShutdownHook] INFO  com.zaxxer.hikari.HikariDataSource - HikariPool-1 - Shutdown initiated...
23:52:54.722 [SpringApplicationShutdownHook] INFO  com.zaxxer.hikari.HikariDataSource - HikariPool-1 - Shutdown completed.
